****************************************
Report : Averaged Power
Design : LIF_neuron
Version: P-2019.03-SP3
Date   : Tue Sep 29 22:13:35 2026
****************************************



  Attributes
  ----------
      i  -  Including register clock pin internal power
      u  -  User defined power group

                        Internal  Switching  Leakage    Total
Power Group             Power     Power      Power      Power   (     %)  Attrs
--------------------------------------------------------------------------------
clock_network           8.467e-07 4.733e-07 2.630e-08 1.346e-06 ( 2.71%)  i
register                7.272e-06    0.0000 9.591e-07 8.231e-06 (16.54%)  
combinational           2.317e-05 1.522e-05 1.805e-06 4.019e-05 (80.76%)  
sequential                 0.0000    0.0000    0.0000    0.0000 ( 0.00%)  
memory                     0.0000    0.0000    0.0000    0.0000 ( 0.00%)  
io_pad                     0.0000    0.0000    0.0000    0.0000 ( 0.00%)  
black_box                  0.0000    0.0000    0.0000    0.0000 ( 0.00%)  

  Net Switching Power  = 1.569e-05   (31.53%)
  Cell Internal Power  = 3.129e-05   (62.87%)
  Cell Leakage Power   = 2.790e-06   ( 5.61%)
                         ---------
Total Power            = 4.977e-05  (100.00%)

1
