****************************************
Report : Averaged Power
Design : LIF_neuron
Version: P-2019.03-SP3
Date   : Tue Sep 29 22:13:35 2026
****************************************



  Attributes
  ----------
      i  -  Including register clock pin internal power
      u  -  User defined power group

                        Internal  Switching  Leakage    Total
Power Group             Power     Power      Power      Power   (     %)  Attrs
--------------------------------------------------------------------------------
clock_network           2.428e-05 1.455e-05 2.630e-08 3.885e-05 (60.67%)  i
register                4.605e-06 1.396e-06 9.591e-07 6.960e-06 (10.87%)  
combinational           9.404e-06 7.016e-06 1.805e-06 1.822e-05 (28.46%)  
sequential                 0.0000    0.0000    0.0000    0.0000 ( 0.00%)  
memory                     0.0000    0.0000    0.0000    0.0000 ( 0.00%)  
io_pad                     0.0000    0.0000    0.0000    0.0000 ( 0.00%)  
black_box                  0.0000    0.0000    0.0000    0.0000 ( 0.00%)  

  Net Switching Power  = 2.296e-05   (35.85%)
  Cell Internal Power  = 3.829e-05   (59.79%)
  Cell Leakage Power   = 2.790e-06   ( 4.36%)
                         ---------
Total Power            = 6.404e-05  (100.00%)

1
