****************************************
Report : Averaged Power
Design : LIF_neuron
Version: P-2019.03-SP3
Date   : Tue Sep 29 22:13:34 2026
****************************************



  Attributes
  ----------
      i  -  Including register clock pin internal power
      u  -  User defined power group

                        Internal  Switching  Leakage    Total
Power Group             Power     Power      Power      Power   (     %)  Attrs
--------------------------------------------------------------------------------
clock_network           2.729e-05    0.0000    0.0000 2.729e-05 (54.06%)  i
register                   0.0000    0.0000 9.346e-07 9.346e-07 ( 1.85%)  
combinational           1.104e-05 9.117e-06 2.099e-06 2.225e-05 (44.08%)  
sequential                 0.0000    0.0000    0.0000    0.0000 ( 0.00%)  
memory                     0.0000    0.0000    0.0000    0.0000 ( 0.00%)  
io_pad                     0.0000    0.0000    0.0000    0.0000 ( 0.00%)  
black_box                  0.0000    0.0000    0.0000    0.0000 ( 0.00%)  

  Net Switching Power  = 9.117e-06   (18.06%)
  Cell Internal Power  = 3.833e-05   (75.93%)
  Cell Leakage Power   = 3.034e-06   ( 6.01%)
                         ---------
Total Power            = 5.048e-05  (100.00%)

1
